// Jest Snapshot v1, https://goo.gl/fbAQLP

exports[`<Card /> render the UI as expected 1`] = `
<div
  className="Card"
>
  <h3>
    Card Title
  </h3>
  <p>
    Content...
  </p>
</div>
`;
