// Jest Snapshot v1, https://goo.gl/fbAQLP

exports[`<List /> render the UI as expected 1`] = `
<section
  className="List"
>
  <header
    className="List-header"
  >
    <h2>
      Test Header
    </h2>
    <div
      className="List-cards"
    >
      <div
        className="Card"
      >
        <h3>
          Test Title
        </h3>
        <p>
          Test Content
        </p>
      </div>
    </div>
  </header>
</section>
`;
